// Jest Snapshot v1, https://goo.gl/fbAQLP

exports[`AutoFontSize renders basic example correctly 1`] = `
<div
  style={
    Object {
      "fontSize": 10,
      "width": "200px",
    }
  }
>
  <div
    style={
      Object {
        "fontSize": undefined,
        "lineHeight": 0,
        "width": 0,
      }
    }
  >
    test text
  </div>
</div>
`;
